[
  {
    "op": "+",
    "a": 34,
    "b": 23,
    "result": 57
  },
  {
    "op" : "-",
    "a" : 9.8,
    "b" : 34,
    "result": -24.2
  },
  {
    "op" : "/",
    "a" : 78.3,
    "b" : -56,
    "result": -1.39821
  },
  {
    "op": "*",
    "a": 0.4,
    "b": 34,
    "result": 13.6
  }
]
